\BOOKMARK [1][]{section.1}{\376\377\0001\000\040\225\356\230\230\200\314\146\157\116\016\221\315\217\360}{}% 1
\BOOKMARK [2][]{subsection.1.1}{\376\377\0001\000.\0001\000\040\225\356\230\230\200\314\146\157}{section.1}% 2
\BOOKMARK [2][]{subsection.1.2}{\376\377\0001\000.\0002\000\040\225\356\230\230\221\315\217\360}{section.1}% 3
\BOOKMARK [1][]{section.2}{\376\377\0002\000\040\225\356\230\230\122\006\147\220}{}% 4
\BOOKMARK [2][]{subsection.2.1}{\376\377\0002\000.\0001\000\040\225\356\230\230\116\000\122\006\147\220}{section.2}% 5
\BOOKMARK [2][]{subsection.2.2}{\376\377\0002\000.\0002\000\040\225\356\230\230\116\214\122\006\147\220}{section.2}% 6
\BOOKMARK [2][]{subsection.2.3}{\376\377\0002\000.\0003\000\040\225\356\230\230\116\011\122\006\147\220}{section.2}% 7
\BOOKMARK [2][]{subsection.2.4}{\376\377\0002\000.\0004\000\040\225\356\230\230\126\333\122\006\147\220}{section.2}% 8
\BOOKMARK [1][]{section.3}{\376\377\0003\000\040\152\041\127\213\166\204\120\107\213\276}{}% 9
\BOOKMARK [1][]{section.4}{\376\377\0004\000\040\173\046\123\367\213\364\146\016}{}% 10
\BOOKMARK [2][]{subsection.4.1}{\376\377\0004\000.\0001\000\040\136\070\221\317\130\360\146\016}{section.4}% 11
\BOOKMARK [2][]{subsection.4.2}{\376\377\0004\000.\0002\000\040\123\330\221\317\130\360\146\016}{section.4}% 12
\BOOKMARK [1][]{section.5}{\376\377\0005\000\040\152\041\127\213\166\204\136\372\172\313\116\016\154\102\211\343}{}% 13
\BOOKMARK [2][]{subsection.5.1}{\376\377\0005\000.\0001\000\040\225\356\230\230\116\000\152\041\127\213\136\372\172\313\123\312\154\102\211\343}{section.5}% 14
\BOOKMARK [3][]{subsubsection.5.1.1}{\376\377\0005\000.\0001\000.\0001\000\040\162\266\140\001\123\330\221\317\116\016\163\257\130\203\152\041\127\213}{subsection.5.1}% 15
\BOOKMARK [3][]{subsubsection.5.1.2}{\376\377\0005\000.\0001\000.\0002\000\040\122\006\226\066\153\265\123\330\215\050\221\317\122\250\122\233\133\146}{subsection.5.1}% 16
\BOOKMARK [3][]{subsubsection.5.1.3}{\376\377\0005\000.\0001\000.\0003\000\040\000D\000O\000P\0008\0005\0003\145\160\120\074\154\102\211\343}{subsection.5.1}% 17
\BOOKMARK [3][]{subsubsection.5.1.4}{\376\377\0005\000.\0001\000.\0004\000\040\225\356\230\230\116\000\176\323\147\234}{subsection.5.1}% 18
\BOOKMARK [2][]{subsection.5.2}{\376\377\0005\000.\0002\000\040\225\356\230\230\116\214\152\041\127\213\136\372\172\313\123\312\154\102\211\343}{section.5}% 19
\BOOKMARK [3][]{subsubsection.5.2.1}{\376\377\0005\000.\0002\000.\0001\000\040\116\011\123\302\145\160\142\123\227\166\152\041\127\213}{subsection.5.2}% 20
\BOOKMARK [3][]{subsubsection.5.2.2}{\376\377\0005\000.\0002\000.\0002\000\040\000f\000s\000o\000l\000v\000e\154\102\211\343\145\271\154\325}{subsection.5.2}% 21
\BOOKMARK [3][]{subsubsection.5.2.3}{\376\377\0005\000.\0002\000.\0003\000\040\225\356\230\230\116\214\176\323\147\234}{subsection.5.2}% 22
\BOOKMARK [2][]{subsection.5.3}{\376\377\0005\000.\0003\000\040\225\356\230\230\116\011\152\041\127\213\136\372\172\313\123\312\154\102\211\343}{section.5}% 23
\BOOKMARK [3][]{subsubsection.5.3.1}{\376\377\0005\000.\0003\000.\0001\000\040\161\303\145\231\147\000\117\030\143\247\122\066\152\041\127\213}{subsection.5.3}% 24
\BOOKMARK [3][]{subsubsection.5.3.2}{\376\377\0005\000.\0003\000.\0002\000\040\143\247\122\066\123\302\145\160\123\026\166\364\143\245\142\123\227\166}{subsection.5.3}% 25
\BOOKMARK [3][]{subsubsection.5.3.3}{\376\377\0005\000.\0003\000.\0003\000\040\000S\000L\000S\000Q\000P\154\102\211\343\116\016\177\121\150\074\122\240\133\306}{subsection.5.3}% 26
\BOOKMARK [3][]{subsubsection.5.3.4}{\376\377\0005\000.\0003\000.\0004\000\040\117\030\123\026\176\323\147\234}{subsection.5.3}% 27
\BOOKMARK [2][]{subsection.5.4}{\376\377\0005\000.\0004\000\040\225\356\230\230\126\333\152\041\127\213\136\372\172\313\123\312\154\102\211\343}{section.5}% 28
\BOOKMARK [3][]{subsubsection.5.4.1}{\376\377\0005\000.\0004\000.\0001\000\040\123\357\202\202\155\101\122\250\122\233\133\146\116\016\161\303\145\231\166\356\150\007}{subsection.5.4}% 29
\BOOKMARK [3][]{subsubsection.5.4.2}{\376\377\0005\000.\0004\000.\0002\000\040\123\314\143\247\122\066\123\302\145\160\123\026\152\041\127\213}{subsection.5.4}% 30
\BOOKMARK [3][]{subsubsection.5.4.3}{\376\377\0005\000.\0004\000.\0003\000\040\154\102\211\343\176\323\147\234\116\016\202\202\155\101\122\044\133\232}{subsection.5.4}% 31
\BOOKMARK [3][]{subsubsection.5.4.4}{\376\377\0005\000.\0004\000.\0004\000\040\145\160\120\074\145\117\141\037\140\047\150\300\232\214}{subsection.5.4}% 32
\BOOKMARK [1][]{section.6}{\376\377\0006\000\040\152\041\127\213\213\304\116\367\116\016\143\250\136\177}{}% 33
\BOOKMARK [2][]{subsection.6.1}{\376\377\0006\000.\0001\000\040\152\041\127\213\117\030\160\271}{section.6}% 34
\BOOKMARK [3][]{subsubsection.6.1.1}{\376\377\0006\000.\0001\000.\0001\000\040\152\041\127\213\116\015\215\263}{subsection.6.1}% 35
\BOOKMARK [2][]{subsection.6.2}{\376\377\0006\000.\0002\000\040\152\041\127\213\143\250\136\177}{section.6}% 36
\BOOKMARK [1][]{section.7}{\376\377\0007\000\040\000A\000I\135\345\121\167\117\177\165\050\213\364\146\016}{}% 37
\BOOKMARK [1][]{section*.16}{\376\377\123\302\200\003\145\207\163\056}{}% 38
\BOOKMARK [1][]{appendix.A}{\376\377\226\104\137\125\0001\377\032\000\040\135\345\121\167\121\375\145\160\166\204\000P\000y\000t\000h\000o\000n\201\032\147\054\377\010\150\070\137\303\220\350\122\006\377\011}{}% 39
\BOOKMARK [1][]{appendix.B}{\376\377\226\104\137\125\0002\377\032\000\040\225\356\230\230\116\000\154\102\211\343\166\204\000P\000y\000t\000h\000o\000n\201\032\147\054\377\010\150\070\137\303\220\350\122\006\377\011}{}% 40
\BOOKMARK [1][]{appendix.C}{\376\377\226\104\137\125\0003\377\032\000\040\225\356\230\230\116\214\154\102\211\343\166\204\000P\000y\000t\000h\000o\000n\201\032\147\054\377\010\150\070\137\303\220\350\122\006\377\011}{}% 41
\BOOKMARK [1][]{appendix.D}{\376\377\226\104\137\125\0004\377\032\000\040\225\356\230\230\116\011\154\102\211\343\166\204\000P\000y\000t\000h\000o\000n\201\032\147\054\377\010\150\070\137\303\220\350\122\006\377\011}{}% 42
